Analysis & Synthesis report for rc_asu_nbit
Fri Mar 23 21:57:18 2018
Quartus Prime Version 17.1.0 Build 590 10/25/2017 SJ Lite Edition


---------------------
; Table of Contents ;
---------------------
  1. Legal Notice
  2. Analysis & Synthesis Summary
  3. Analysis & Synthesis Settings
  4. Parallel Compilation
  5. Analysis & Synthesis Source Files Read
  6. Analysis & Synthesis Resource Usage Summary
  7. Analysis & Synthesis Resource Utilization by Entity
  8. General Register Statistics
  9. Multiplexer Restructuring Statistics (Restructuring Performed)
 10. Parameter Settings for User Entity Instance: rc_asu_nbit:asu4
 11. Post-Synthesis Netlist Statistics for Top Partition
 12. Elapsed Time Per Partition
 13. Analysis & Synthesis Messages



----------------
; Legal Notice ;
----------------
Copyright (C) 2017  Intel Corporation. All rights reserved.
Your use of Intel Corporation's design tools, logic functions 
and other software and tools, and its AMPP partner logic 
functions, and any output files from any of the foregoing 
(including device programming or simulation files), and any 
associated documentation or information are expressly subject 
to the terms and conditions of the Intel Program License 
Subscription Agreement, the Intel Quartus Prime License Agreement,
the Intel FPGA IP License Agreement, or other applicable license
agreement, including, without limitation, that your use is for
the sole purpose of programming logic devices manufactured by
Intel and sold by Intel or its authorized distributors.  Please
refer to the applicable agreement for further details.



+----------------------------------------------------------------------------------+
; Analysis & Synthesis Summary                                                     ;
+------------------------------------+---------------------------------------------+
; Analysis & Synthesis Status        ; Successful - Fri Mar 23 21:57:18 2018       ;
; Quartus Prime Version              ; 17.1.0 Build 590 10/25/2017 SJ Lite Edition ;
; Revision Name                      ; rc_asu_nbit                                 ;
; Top-level Entity Name              ; rc_asu_4bit_de2_sys                         ;
; Family                             ; Cyclone IV E                                ;
; Total logic elements               ; 113                                         ;
;     Total combinational functions  ; 113                                         ;
;     Dedicated logic registers      ; 0                                           ;
; Total registers                    ; 0                                           ;
; Total pins                         ; 61                                          ;
; Total virtual pins                 ; 0                                           ;
; Total memory bits                  ; 0                                           ;
; Embedded Multiplier 9-bit elements ; 0                                           ;
; Total PLLs                         ; 0                                           ;
+------------------------------------+---------------------------------------------+


+-----------------------------------------------------------------------------------------------------------------------+
; Analysis & Synthesis Settings                                                                                         ;
+----------------------------------------------------------------------------+---------------------+--------------------+
; Option                                                                     ; Setting             ; Default Value      ;
+----------------------------------------------------------------------------+---------------------+--------------------+
; Device                                                                     ; EP4CE115F29C7       ;                    ;
; Top-level entity name                                                      ; rc_asu_4bit_de2_sys ; rc_asu_nbit        ;
; Family name                                                                ; Cyclone IV E        ; Cyclone V          ;
; Maximum processors allowed for parallel compilation                        ; 1                   ;                    ;
; VHDL Show LMF Mapping Messages                                             ; Off                 ;                    ;
; VHDL Version                                                               ; VHDL_2008           ; VHDL_1993          ;
; Use smart compilation                                                      ; Off                 ; Off                ;
; Enable parallel Assembler and TimeQuest Timing Analyzer during compilation ; On                  ; On                 ;
; Enable compact report table                                                ; Off                 ; Off                ;
; Restructure Multiplexers                                                   ; Auto                ; Auto               ;
; Create Debugging Nodes for IP Cores                                        ; Off                 ; Off                ;
; Preserve fewer node names                                                  ; On                  ; On                 ;
; Intel FPGA IP Evaluation Mode                                              ; Enable              ; Enable             ;
; Verilog Version                                                            ; Verilog_2001        ; Verilog_2001       ;
; State Machine Processing                                                   ; Auto                ; Auto               ;
; Safe State Machine                                                         ; Off                 ; Off                ;
; Extract Verilog State Machines                                             ; On                  ; On                 ;
; Extract VHDL State Machines                                                ; On                  ; On                 ;
; Ignore Verilog initial constructs                                          ; Off                 ; Off                ;
; Iteration limit for constant Verilog loops                                 ; 5000                ; 5000               ;
; Iteration limit for non-constant Verilog loops                             ; 250                 ; 250                ;
; Add Pass-Through Logic to Inferred RAMs                                    ; On                  ; On                 ;
; Infer RAMs from Raw Logic                                                  ; On                  ; On                 ;
; Parallel Synthesis                                                         ; On                  ; On                 ;
; DSP Block Balancing                                                        ; Auto                ; Auto               ;
; NOT Gate Push-Back                                                         ; On                  ; On                 ;
; Power-Up Don't Care                                                        ; On                  ; On                 ;
; Remove Redundant Logic Cells                                               ; Off                 ; Off                ;
; Remove Duplicate Registers                                                 ; On                  ; On                 ;
; Ignore CARRY Buffers                                                       ; Off                 ; Off                ;
; Ignore CASCADE Buffers                                                     ; Off                 ; Off                ;
; Ignore GLOBAL Buffers                                                      ; Off                 ; Off                ;
; Ignore ROW GLOBAL Buffers                                                  ; Off                 ; Off                ;
; Ignore LCELL Buffers                                                       ; Off                 ; Off                ;
; Ignore SOFT Buffers                                                        ; On                  ; On                 ;
; Limit AHDL Integers to 32 Bits                                             ; Off                 ; Off                ;
; Optimization Technique                                                     ; Balanced            ; Balanced           ;
; Carry Chain Length                                                         ; 70                  ; 70                 ;
; Auto Carry Chains                                                          ; On                  ; On                 ;
; Auto Open-Drain Pins                                                       ; On                  ; On                 ;
; Perform WYSIWYG Primitive Resynthesis                                      ; Off                 ; Off                ;
; Auto ROM Replacement                                                       ; On                  ; On                 ;
; Auto RAM Replacement                                                       ; On                  ; On                 ;
; Auto DSP Block Replacement                                                 ; On                  ; On                 ;
; Auto Shift Register Replacement                                            ; Auto                ; Auto               ;
; Allow Shift Register Merging across Hierarchies                            ; Auto                ; Auto               ;
; Auto Clock Enable Replacement                                              ; On                  ; On                 ;
; Strict RAM Replacement                                                     ; Off                 ; Off                ;
; Allow Synchronous Control Signals                                          ; On                  ; On                 ;
; Force Use of Synchronous Clear Signals                                     ; Off                 ; Off                ;
; Auto RAM Block Balancing                                                   ; On                  ; On                 ;
; Auto RAM to Logic Cell Conversion                                          ; Off                 ; Off                ;
; Auto Resource Sharing                                                      ; Off                 ; Off                ;
; Allow Any RAM Size For Recognition                                         ; Off                 ; Off                ;
; Allow Any ROM Size For Recognition                                         ; Off                 ; Off                ;
; Allow Any Shift Register Size For Recognition                              ; Off                 ; Off                ;
; Use LogicLock Constraints during Resource Balancing                        ; On                  ; On                 ;
; Ignore translate_off and synthesis_off directives                          ; Off                 ; Off                ;
; Timing-Driven Synthesis                                                    ; On                  ; On                 ;
; Report Parameter Settings                                                  ; On                  ; On                 ;
; Report Source Assignments                                                  ; On                  ; On                 ;
; Report Connectivity Checks                                                 ; On                  ; On                 ;
; Ignore Maximum Fan-Out Assignments                                         ; Off                 ; Off                ;
; Synchronization Register Chain Length                                      ; 2                   ; 2                  ;
; Power Optimization During Synthesis                                        ; Normal compilation  ; Normal compilation ;
; HDL message level                                                          ; Level2              ; Level2             ;
; Suppress Register Optimization Related Messages                            ; Off                 ; Off                ;
; Number of Removed Registers Reported in Synthesis Report                   ; 5000                ; 5000               ;
; Number of Swept Nodes Reported in Synthesis Report                         ; 5000                ; 5000               ;
; Number of Inverted Registers Reported in Synthesis Report                  ; 100                 ; 100                ;
; Clock MUX Protection                                                       ; On                  ; On                 ;
; Auto Gated Clock Conversion                                                ; Off                 ; Off                ;
; Block Design Naming                                                        ; Auto                ; Auto               ;
; SDC constraint protection                                                  ; Off                 ; Off                ;
; Synthesis Effort                                                           ; Auto                ; Auto               ;
; Shift Register Replacement - Allow Asynchronous Clear Signal               ; On                  ; On                 ;
; Pre-Mapping Resynthesis Optimization                                       ; Off                 ; Off                ;
; Analysis & Synthesis Message Level                                         ; Medium              ; Medium             ;
; Disable Register Merging Across Hierarchies                                ; Auto                ; Auto               ;
; Resource Aware Inference For Block RAM                                     ; On                  ; On                 ;
+----------------------------------------------------------------------------+---------------------+--------------------+


Parallel compilation was disabled, but you have multiple processors available. Enable parallel compilation to reduce compilation time.
+-------------------------------------+
; Parallel Compilation                ;
+----------------------------+--------+
; Processors                 ; Number ;
+----------------------------+--------+
; Number detected on machine ; 12     ;
; Maximum allowed            ; 1      ;
+----------------------------+--------+


+-------------------------------------------------------------------------------------------------------------------------------------------------------------------------------+
; Analysis & Synthesis Source Files Read                                                                                                                                        ;
+----------------------------------------------------------+-----------------+-----------------+----------------------------------------------------------------------+---------+
; File Name with User-Entered Path                         ; Used in Netlist ; File Type       ; File Name with Absolute Path                                         ; Library ;
+----------------------------------------------------------+-----------------+-----------------+----------------------------------------------------------------------+---------+
; ../../Lab5/lab5_task1/int_4bit_to_7seg.vhd               ; yes             ; User VHDL File  ; C:/Users/XxaemaeThxX/Desktop/Lab5/lab5_task1/int_4bit_to_7seg.vhd    ;         ;
; ../../../Downloads/lab6_files(1)/rc_asu_4bit_de2_sys.vhd ; yes             ; User VHDL File  ; C:/Users/XxaemaeThxX/Downloads/lab6_files(1)/rc_asu_4bit_de2_sys.vhd ;         ;
; rc_asu_nbit.vhd                                          ; yes             ; User VHDL File  ; C:/Users/XxaemaeThxX/Desktop/lab6/lab6_task3/rc_asu_nbit.vhd         ;         ;
; full_adder.vhd                                           ; yes             ; User VHDL File  ; C:/Users/XxaemaeThxX/Desktop/lab6/lab6_task3/full_adder.vhd          ;         ;
+----------------------------------------------------------+-----------------+-----------------+----------------------------------------------------------------------+---------+


+------------------------------------------------------------+
; Analysis & Synthesis Resource Usage Summary                ;
+---------------------------------------------+--------------+
; Resource                                    ; Usage        ;
+---------------------------------------------+--------------+
; Estimated Total logic elements              ; 113          ;
;                                             ;              ;
; Total combinational functions               ; 113          ;
; Logic element usage by number of LUT inputs ;              ;
;     -- 4 input functions                    ; 102          ;
;     -- 3 input functions                    ; 6            ;
;     -- <=2 input functions                  ; 5            ;
;                                             ;              ;
; Logic elements by mode                      ;              ;
;     -- normal mode                          ; 113          ;
;     -- arithmetic mode                      ; 0            ;
;                                             ;              ;
; Total registers                             ; 0            ;
;     -- Dedicated logic registers            ; 0            ;
;     -- I/O registers                        ; 0            ;
;                                             ;              ;
; I/O pins                                    ; 61           ;
;                                             ;              ;
; Embedded Multiplier 9-bit elements          ; 0            ;
;                                             ;              ;
; Maximum fan-out node                        ; sw[16]~input ;
; Maximum fan-out                             ; 30           ;
; Total fan-out                               ; 534          ;
; Average fan-out                             ; 2.27         ;
+---------------------------------------------+--------------+


+-------------------------------------------------------------------------------------------------------------------------------------------------------------------------------------------------------------------------------------------------------------+
; Analysis & Synthesis Resource Utilization by Entity                                                                                                                                                                                                         ;
+--------------------------------+---------------------+---------------------------+-------------+--------------+---------+-----------+------+--------------+------------------------------------------------------------+---------------------+--------------+
; Compilation Hierarchy Node     ; Combinational ALUTs ; Dedicated Logic Registers ; Memory Bits ; DSP Elements ; DSP 9x9 ; DSP 18x18 ; Pins ; Virtual Pins ; Full Hierarchy Name                                        ; Entity Name         ; Library Name ;
+--------------------------------+---------------------+---------------------------+-------------+--------------+---------+-----------+------+--------------+------------------------------------------------------------+---------------------+--------------+
; |rc_asu_4bit_de2_sys           ; 113 (0)             ; 0 (0)                     ; 0           ; 0            ; 0       ; 0         ; 61   ; 0            ; |rc_asu_4bit_de2_sys                                       ; rc_asu_4bit_de2_sys ; work         ;
;    |int_4bit_to_7seg:int7segR| ; 53 (53)             ; 0 (0)                     ; 0           ; 0            ; 0       ; 0         ; 0    ; 0            ; |rc_asu_4bit_de2_sys|int_4bit_to_7seg:int7segR             ; int_4bit_to_7seg    ; work         ;
;    |int_4bit_to_7seg:int7segX| ; 24 (24)             ; 0 (0)                     ; 0           ; 0            ; 0       ; 0         ; 0    ; 0            ; |rc_asu_4bit_de2_sys|int_4bit_to_7seg:int7segX             ; int_4bit_to_7seg    ; work         ;
;    |int_4bit_to_7seg:int7segY| ; 24 (24)             ; 0 (0)                     ; 0           ; 0            ; 0       ; 0         ; 0    ; 0            ; |rc_asu_4bit_de2_sys|int_4bit_to_7seg:int7segY             ; int_4bit_to_7seg    ; work         ;
;    |rc_asu_nbit:asu4|          ; 12 (2)              ; 0 (0)                     ; 0           ; 0            ; 0       ; 0         ; 0    ; 0            ; |rc_asu_4bit_de2_sys|rc_asu_nbit:asu4                      ; rc_asu_nbit         ; work         ;
;       |full_adder:FA|          ; 2 (2)               ; 0 (0)                     ; 0           ; 0            ; 0       ; 0         ; 0    ; 0            ; |rc_asu_4bit_de2_sys|rc_asu_nbit:asu4|full_adder:FA        ; full_adder          ; work         ;
;       |full_adder:\RCA:1:FA|   ; 3 (3)               ; 0 (0)                     ; 0           ; 0            ; 0       ; 0         ; 0    ; 0            ; |rc_asu_4bit_de2_sys|rc_asu_nbit:asu4|full_adder:\RCA:1:FA ; full_adder          ; work         ;
;       |full_adder:\RCA:2:FA|   ; 2 (2)               ; 0 (0)                     ; 0           ; 0            ; 0       ; 0         ; 0    ; 0            ; |rc_asu_4bit_de2_sys|rc_asu_nbit:asu4|full_adder:\RCA:2:FA ; full_adder          ; work         ;
;       |full_adder:\RCA:3:FA|   ; 3 (3)               ; 0 (0)                     ; 0           ; 0            ; 0       ; 0         ; 0    ; 0            ; |rc_asu_4bit_de2_sys|rc_asu_nbit:asu4|full_adder:\RCA:3:FA ; full_adder          ; work         ;
+--------------------------------+---------------------+---------------------------+-------------+--------------+---------+-----------+------+--------------+------------------------------------------------------------+---------------------+--------------+
Note: For table entries with two numbers listed, the numbers in parentheses indicate the number of resources of the given type used by the specific entity alone. The numbers listed outside of parentheses indicate the total resources of the given type used by the specific entity and all of its sub-entities in the hierarchy.


+------------------------------------------------------+
; General Register Statistics                          ;
+----------------------------------------------+-------+
; Statistic                                    ; Value ;
+----------------------------------------------+-------+
; Total registers                              ; 0     ;
; Number of registers using Synchronous Clear  ; 0     ;
; Number of registers using Synchronous Load   ; 0     ;
; Number of registers using Asynchronous Clear ; 0     ;
; Number of registers using Asynchronous Load  ; 0     ;
; Number of registers using Clock Enable       ; 0     ;
; Number of registers using Preset             ; 0     ;
+----------------------------------------------+-------+


+---------------------------------------------------------------------------------------------------------------------------------------------------------------------------+
; Multiplexer Restructuring Statistics (Restructuring Performed)                                                                                                            ;
+--------------------+-----------+---------------+----------------------+------------------------+------------+-------------------------------------------------------------+
; Multiplexer Inputs ; Bus Width ; Baseline Area ; Area if Restructured ; Saving if Restructured ; Registered ; Example Multiplexer Output                                  ;
+--------------------+-----------+---------------+----------------------+------------------------+------------+-------------------------------------------------------------+
; 4:1                ; 2 bits    ; 4 LEs         ; 4 LEs                ; 0 LEs                  ; No         ; |rc_asu_4bit_de2_sys|int_4bit_to_7seg:int7segX|sign_leds[6] ;
; 4:1                ; 2 bits    ; 4 LEs         ; 4 LEs                ; 0 LEs                  ; No         ; |rc_asu_4bit_de2_sys|int_4bit_to_7seg:int7segY|sign_leds[6] ;
; 4:1                ; 2 bits    ; 4 LEs         ; 4 LEs                ; 0 LEs                  ; No         ; |rc_asu_4bit_de2_sys|int_4bit_to_7seg:int7segR|sign_leds[6] ;
; 8:1                ; 2 bits    ; 10 LEs        ; 8 LEs                ; 2 LEs                  ; No         ; |rc_asu_4bit_de2_sys|int_4bit_to_7seg:int7segR|Mux8         ;
; 8:1                ; 2 bits    ; 10 LEs        ; 8 LEs                ; 2 LEs                  ; No         ; |rc_asu_4bit_de2_sys|int_4bit_to_7seg:int7segY|Mux7         ;
; 8:1                ; 2 bits    ; 10 LEs        ; 8 LEs                ; 2 LEs                  ; No         ; |rc_asu_4bit_de2_sys|int_4bit_to_7seg:int7segX|Mux8         ;
+--------------------+-----------+---------------+----------------------+------------------------+------------+-------------------------------------------------------------+


+---------------------------------------------------------------+
; Parameter Settings for User Entity Instance: rc_asu_nbit:asu4 ;
+----------------+-------+--------------------------------------+
; Parameter Name ; Value ; Type                                 ;
+----------------+-------+--------------------------------------+
; n              ; 4     ; Signed Integer                       ;
+----------------+-------+--------------------------------------+
Note: In order to hide this table in the UI and the text report file, please set the "Show Parameter Settings in Synthesis Report" option in "Analysis and Synthesis Settings -> More Settings" to "Off".


+-----------------------------------------------------+
; Post-Synthesis Netlist Statistics for Top Partition ;
+-----------------------+-----------------------------+
; Type                  ; Count                       ;
+-----------------------+-----------------------------+
; boundary_port         ; 61                          ;
; cycloneiii_lcell_comb ; 114                         ;
;     normal            ; 114                         ;
;         0 data inputs ; 1                           ;
;         2 data inputs ; 5                           ;
;         3 data inputs ; 6                           ;
;         4 data inputs ; 102                         ;
;                       ;                             ;
; Max LUT depth         ; 9.00                        ;
; Average LUT depth     ; 4.95                        ;
+-----------------------+-----------------------------+


+-------------------------------+
; Elapsed Time Per Partition    ;
+----------------+--------------+
; Partition Name ; Elapsed Time ;
+----------------+--------------+
; Top            ; 00:00:01     ;
+----------------+--------------+


+-------------------------------+
; Analysis & Synthesis Messages ;
+-------------------------------+
Info: *******************************************************************
Info: Running Quartus Prime Analysis & Synthesis
    Info: Version 17.1.0 Build 590 10/25/2017 SJ Lite Edition
    Info: Processing started: Fri Mar 23 21:57:05 2018
Info: Command: quartus_map --read_settings_files=on --write_settings_files=off lab6_task3 -c rc_asu_nbit
Warning (12473): User specified to use only one processors but 6 processors were detected which could be used to decrease run time.
Info (12021): Found 2 design units, including 1 entities, in source file /users/xxaemaethxx/desktop/lab5/lab5_task1/int_4bit_to_7seg.vhd
    Info (12022): Found design unit 1: int_4bit_to_7seg-behavior File: C:/Users/XxaemaeThxX/Desktop/Lab5/lab5_task1/int_4bit_to_7seg.vhd Line: 12
    Info (12023): Found entity 1: int_4bit_to_7seg File: C:/Users/XxaemaeThxX/Desktop/Lab5/lab5_task1/int_4bit_to_7seg.vhd Line: 3
Info (12021): Found 2 design units, including 1 entities, in source file /users/xxaemaethxx/downloads/lab6_files(1)/rc_asu_4bit_de2_sys.vhd
    Info (12022): Found design unit 1: rc_asu_4bit_de2_sys-structure File: C:/Users/XxaemaeThxX/Downloads/lab6_files(1)/rc_asu_4bit_de2_sys.vhd Line: 15
    Info (12023): Found entity 1: rc_asu_4bit_de2_sys File: C:/Users/XxaemaeThxX/Downloads/lab6_files(1)/rc_asu_4bit_de2_sys.vhd Line: 4
Info (12021): Found 2 design units, including 1 entities, in source file rc_asu_nbit.vhd
    Info (12022): Found design unit 1: rc_asu_nbit-hybrid File: C:/Users/XxaemaeThxX/Desktop/lab6/lab6_task3/rc_asu_nbit.vhd Line: 16
    Info (12023): Found entity 1: rc_asu_nbit File: C:/Users/XxaemaeThxX/Desktop/lab6/lab6_task3/rc_asu_nbit.vhd Line: 4
Info (12021): Found 2 design units, including 1 entities, in source file full_adder.vhd
    Info (12022): Found design unit 1: full_adder-behavior File: C:/Users/XxaemaeThxX/Desktop/lab6/lab6_task3/full_adder.vhd Line: 16
    Info (12023): Found entity 1: full_adder File: C:/Users/XxaemaeThxX/Desktop/lab6/lab6_task3/full_adder.vhd Line: 4
Info (12127): Elaborating entity "rc_asu_4bit_de2_sys" for the top level hierarchy
Info (12129): Elaborating entity "rc_asu_nbit" using architecture "A:hybrid" for hierarchy "rc_asu_nbit:asu4" File: C:/Users/XxaemaeThxX/Downloads/lab6_files(1)/rc_asu_4bit_de2_sys.vhd Line: 25
Info (12129): Elaborating entity "full_adder" using architecture "A:behavior" for hierarchy "rc_asu_nbit:asu4|full_adder:FA" File: C:/Users/XxaemaeThxX/Desktop/lab6/lab6_task3/rc_asu_nbit.vhd Line: 27
Info (12129): Elaborating entity "int_4bit_to_7seg" using architecture "A:behavior" for hierarchy "int_4bit_to_7seg:int7segX" File: C:/Users/XxaemaeThxX/Downloads/lab6_files(1)/rc_asu_4bit_de2_sys.vhd Line: 30
Warning (13024): Output pins are stuck at VCC or GND
    Warning (13410): Pin "hex1[2]" is stuck at VCC File: C:/Users/XxaemaeThxX/Downloads/lab6_files(1)/rc_asu_4bit_de2_sys.vhd Line: 7
    Warning (13410): Pin "hex1[3]" is stuck at VCC File: C:/Users/XxaemaeThxX/Downloads/lab6_files(1)/rc_asu_4bit_de2_sys.vhd Line: 7
    Warning (13410): Pin "hex5[2]" is stuck at VCC File: C:/Users/XxaemaeThxX/Downloads/lab6_files(1)/rc_asu_4bit_de2_sys.vhd Line: 9
    Warning (13410): Pin "hex5[3]" is stuck at VCC File: C:/Users/XxaemaeThxX/Downloads/lab6_files(1)/rc_asu_4bit_de2_sys.vhd Line: 9
    Warning (13410): Pin "hex7[2]" is stuck at VCC File: C:/Users/XxaemaeThxX/Downloads/lab6_files(1)/rc_asu_4bit_de2_sys.vhd Line: 11
    Warning (13410): Pin "hex7[3]" is stuck at VCC File: C:/Users/XxaemaeThxX/Downloads/lab6_files(1)/rc_asu_4bit_de2_sys.vhd Line: 11
Info (286030): Timing-Driven Synthesis is running
Info (16010): Generating hard_block partition "hard_block:auto_generated_inst"
    Info (16011): Adding 0 node(s), including 0 DDIO, 0 PLL, 0 transceiver and 0 LCELL
Warning (21074): Design contains 7 input pin(s) that do not drive logic
    Warning (15610): No output dependent on input pin "sw[8]"
    Warning (15610): No output dependent on input pin "sw[9]"
    Warning (15610): No output dependent on input pin "sw[10]"
    Warning (15610): No output dependent on input pin "sw[11]"
    Warning (15610): No output dependent on input pin "sw[12]"
    Warning (15610): No output dependent on input pin "sw[13]"
    Warning (15610): No output dependent on input pin "sw[14]"
Info (21057): Implemented 174 device resources after synthesis - the final resource count might be different
    Info (21058): Implemented 18 input pins
    Info (21059): Implemented 43 output pins
    Info (21061): Implemented 113 logic cells
Info: Quartus Prime Analysis & Synthesis was successful. 0 errors, 16 warnings
    Info: Peak virtual memory: 718 megabytes
    Info: Processing ended: Fri Mar 23 21:57:18 2018
    Info: Elapsed time: 00:00:13
    Info: Total CPU time (on all processors): 00:00:18


